src/middleware/auth.middleware.ts(43,5): error TS6133: 'res' is declared but its value is never read.
src/middleware/error.middleware.ts(5,5): error TS6133: 'req' is declared but its value is never read.
src/middleware/error.middleware.ts(7,5): error TS6133: 'next' is declared but its value is never read.
src/routes/auth.routes.ts(50,24): error TS6133: 'req' is declared but its value is never read.
src/routes/auth.routes.ts(81,24): error TS6133: 'req' is declared but its value is never read.
src/routes/auth.routes.ts(117,25): error TS6133: 'req' is declared but its value is never read.
src/routes/challenge.routes.ts(14,24): error TS6133: 'req' is declared but its value is never read.
src/routes/index.ts(12,24): error TS6133: 'req' is declared but its value is never read.
src/routes/shop.routes.ts(9,29): error TS6133: 'req' is declared but its value is never read.
src/services/auth.service.ts(38,20): error TS2769: No overload matches this call.
  Overload 1 of 5, '(payload: string | object | Buffer<ArrayBufferLike>, secretOrPrivateKey: null, options?: (SignOptions & { algorithm: "none"; }) | undefined): string', gave the following error.
    Argument of type 'string' is not assignable to parameter of type 'null'.
  Overload 2 of 5, '(payload: string | object | Buffer<ArrayBufferLike>, secretOrPrivateKey: Buffer<ArrayBufferLike> | Secret | PrivateKeyInput | JsonWebKeyInput, options?: SignOptions | undefined): string', gave the following error.
    Type 'string' is not assignable to type 'number | StringValue | undefined'.
  Overload 3 of 5, '(payload: string | object | Buffer<ArrayBufferLike>, secretOrPrivateKey: Buffer<ArrayBufferLike> | Secret | PrivateKeyInput | JsonWebKeyInput, callback: SignCallback): void', gave the following error.
    Object literal may only specify known properties, and 'expiresIn' does not exist in type 'SignCallback'.
src/services/auth.service.ts(214,31): error TS6133: 'id_token' is declared but its value is never read.
src/services/shop.service.ts(82,18): error TS2352: Conversion of type 'ObjectId' to type 'IItem' may be a mistake because neither type sufficiently overlaps with the other. If this was intentional, convert the expression to 'unknown' first.
  Type 'ObjectId' is missing the following properties from type 'IItem': name, description, type, rarity, and 58 more.
